
Allocating common symbols
Common symbol       size              file

global_rules_shadow
                    0x630             obj/kern/libdwarf_frame.o
end_debug           0x8               obj/kern/init.o
mydebug             0x60              obj/kern/kdebug.o
panicstr            0x8               obj/kern/init.o
boot_cr3            0x8               obj/kern/pmap.o
global_std_op       0x200             obj/kern/libdwarf_lineno.o
_cie                0x78              obj/kern/kdebug.o
global_rules        0x630             obj/kern/libdwarf_frame.o
boot_pml4e          0x8               obj/kern/pmap.o
_fde                0x80              obj/kern/kdebug.o
npages              0x8               obj/kern/pmap.o
pages               0x8               obj/kern/pmap.o

Discarded input sections

 .note.GNU-stack
                0x0000000000000000        0x0 obj/kern/init.o
 .note.GNU-stack
                0x0000000000000000        0x0 obj/kern/console.o
 .note.GNU-stack
                0x0000000000000000        0x0 obj/kern/monitor.o
 .note.GNU-stack
                0x0000000000000000        0x0 obj/kern/pmap.o
 .note.GNU-stack
                0x0000000000000000        0x0 obj/kern/kclock.o
 .note.GNU-stack
                0x0000000000000000        0x0 obj/kern/printf.o
 .note.GNU-stack
                0x0000000000000000        0x0 obj/kern/syscall.o
 .note.GNU-stack
                0x0000000000000000        0x0 obj/kern/kdebug.o
 .note.GNU-stack
                0x0000000000000000        0x0 obj/kern/printfmt.o
 .note.GNU-stack
                0x0000000000000000        0x0 obj/kern/readline.o
 .note.GNU-stack
                0x0000000000000000        0x0 obj/kern/string.o
 .note.GNU-stack
                0x0000000000000000        0x0 obj/kern/libdwarf_rw.o
 .note.GNU-stack
                0x0000000000000000        0x0 obj/kern/libdwarf_frame.o
 .note.GNU-stack
                0x0000000000000000        0x0 obj/kern/libdwarf_lineno.o
 .note.GNU-stack
                0x0000000000000000        0x0 obj/kern/elf_rw.o

Memory Configuration

Name             Origin             Length             Attributes
*default*        0x0000000000000000 0xffffffffffffffff

Linker script and memory map

                0x0000000000100000                . = 0x100000

.bootstrap      0x0000000000100000     0x7004
 obj/kern/bootstrap.o(.text .data .bss)
 .text          0x0000000000100000      0x115 obj/kern/bootstrap.o
                0x0000000000100000                _head64
                0x00000000001000e5                jumpto_longmode
 *fill*         0x0000000000100115      0xeeb 
 .data          0x0000000000101000     0x6004 obj/kern/bootstrap.o
                0x0000000000102000                pml4phys
                0x0000000000107000                multiboot_info
 .bss           0x0000000000107004        0x0 obj/kern/bootstrap.o
                0x0000008004200000                . = 0x8004200000

.text           0x0000008004200000     0xd30f load address 0x0000000000200000
 *(EXCLUDE_FILE(obj/kern/bootstrap.o) .text .stub .text.* .gnu.linkonce.t.*)
 .text          0x0000008004200000       0x58 obj/kern/entry.o
                0x000000800420000c                entry
                0x000000000020000c                _start
 .text          0x0000008004200058      0x2da obj/kern/init.o
                0x0000008004200058                i386_init
                0x0000008004200117                _panic
                0x0000008004200244                _warn
 .text          0x0000008004200332      0xb06 obj/kern/console.o
                0x00000080042003c3                serial_intr
                0x0000008004200be8                kbd_intr
                0x0000008004200c96                cons_getc
                0x0000008004200d8b                cons_init
                0x0000008004200de5                cputchar
                0x0000008004200e04                getchar
                0x0000008004200e26                iscons
 .text          0x0000008004200e38      0x4de obj/kern/monitor.o
                0x0000008004200e38                mon_help
                0x0000008004200ed2                mon_kerninfo
                0x0000008004201066                mon_backtrace
                0x000000800420128f                monitor
 .text          0x0000008004201316     0x40cc obj/kern/pmap.o
                0x0000008004201d44                x64_vm_init
                0x0000008004201d7e                page_init
                0x0000008004201e60                page_alloc
                0x0000008004201e9e                page_free
                0x0000008004201ead                page_decref
                0x0000008004201eef                pml4e_walk
                0x0000008004201f09                pdpe_walk
                0x0000008004201f23                pgdir_walk
                0x0000008004201f5c                page_insert
                0x0000008004201f7a                page_lookup
                0x0000008004201f95                page_remove
                0x0000008004201fa8                tlb_invalidate
 .text          0x00000080042053e2       0x7d obj/kern/kclock.o
                0x00000080042053e2                mc146818_read
                0x000000800420541e                mc146818_write
 .text          0x000000800420545f      0x166 obj/kern/printf.o
                0x000000800420548e                vcprintf
                0x00000080042054ed                cprintf
 .text          0x00000080042055c5       0x4a obj/kern/syscall.o
                0x00000080042055c5                syscall
 .text          0x000000800420560f      0xafe obj/kern/kdebug.o
                0x000000800420560f                list_func_die
                0x0000008004205d36                debuginfo_rip
 .text          0x000000800420610d      0xa5f obj/kern/printfmt.o
                0x00000080042063d3                vprintfmt
                0x00000080042068ec                printfmt
                0x00000080042069ee                vsnprintf
                0x0000008004206a8b                snprintf
 .text          0x0000008004206b6c      0x153 obj/kern/readline.o
                0x0000008004206b6c                readline
 .text          0x0000008004206cbf      0x7c6 obj/kern/string.o
                0x0000008004206cbf                strlen
                0x0000008004206ced                strnlen
                0x0000008004206d2b                strcpy
                0x0000008004206d6e                strcat
                0x0000008004206dbd                strncpy
                0x0000008004206e1d                strlcpy
                0x0000008004206e8d                strcmp
                0x0000008004206ee0                strncmp
                0x0000008004206f51                strchr
                0x0000008004206f8d                strfind
                0x0000008004206fc5                memset
                0x0000008004207050                memmove
                0x0000008004207167                memcpy
                0x000000800420719b                memcmp
                0x000000800420720f                memfind
                0x0000008004207259                strtol
                0x00000080042073ea                strstr
 .text          0x0000008004207485     0x1e8c obj/kern/libdwarf_rw.o
                0x0000008004207485                _dwarf_read_lsb
                0x00000080042075b1                _dwarf_decode_lsb
                0x00000080042076d2                _dwarf_read_msb
                0x0000008004207884                _dwarf_decode_msb
                0x0000008004207a33                _dwarf_read_sleb128
                0x0000008004207ad7                _dwarf_read_uleb128
                0x0000008004207b56                _dwarf_decode_sleb128
                0x0000008004207be8                _dwarf_decode_uleb128
                0x0000008004207c55                _dwarf_read_string
                0x0000008004207ce4                _dwarf_read_block
                0x0000008004207d2d                _dwarf_elf_get_byte_order
                0x0000008004207d9b                _dwarf_elf_get_pointer_size
                0x0000008004207e05                _dwarf_init
                0x0000008004207ee1                _get_next_cu
                0x0000008004208082                print_cu
                0x00000080042080ba                _dwarf_abbrev_parse
                0x000000800420833d                _dwarf_abbrev_find
                0x0000008004208447                _dwarf_attr_init
                0x0000008004208ae1                dwarf_search_die_within_cu
                0x0000008004208dbd                dwarf_offdie
                0x0000008004208e9f                _dwarf_attr_find
                0x0000008004208f32                dwarf_siblingof
                0x0000008004209134                dwarf_child
                0x00000080042092b4                _dwarf_find_section_enhanced
 .text          0x0000008004209311     0x25f3 obj/kern/libdwarf_frame.o
                0x0000008004209311                _dwarf_frame_params_init
                0x0000008004209352                dwarf_get_fde_at_pc
                0x0000008004209422                _dwarf_frame_regtable_copy
                0x000000800420a3e5                _dwarf_frame_get_internal_table
                0x000000800420a651                dwarf_get_fde_info_for_all_regs
                0x000000800420b56d                _dwarf_frame_interal_table_init
                0x000000800420b82c                dwarf_set_frame_cfa_value
                0x000000800420b85c                dwarf_init_eh_section
 .text          0x000000800420b904      0xcdb obj/kern/libdwarf_lineno.o
                0x000000800420bef3                _dwarf_lineno_init
                0x000000800420c464                dwarf_srclines
 .text          0x000000800420c5df      0xd30 obj/kern/elf_rw.o
                0x000000800420c5df                _dwarf_find_section
                0x000000800420c65f                find_debug_sections
                0x000000800420c929                read_section_headers
                0x000000800420d082                readseg
                0x000000800420d1e7                waitdisk
                0x000000800420d214                readsect
                0x000000800420d30f                PROVIDE (etext = .)

.iplt           0x000000800420d310        0x0 load address 0x000000000020d310
 .iplt          0x000000800420d310        0x0 obj/kern/bootstrap.o

.rodata         0x000000800420d320     0x1bef load address 0x000000000020d320
 *(EXCLUDE_FILE(obj/kern/bootstrap.o) .rodata .rodata.* .gnu.linkonce.r.*)
 .rodata        0x000000800420d320       0x4f obj/kern/init.o
 .rodata        0x000000800420d36f       0x29 obj/kern/console.o
 .rodata        0x000000800420d398      0x1f9 obj/kern/monitor.o
 *fill*         0x000000800420d591        0x7 
 .rodata        0x000000800420d598      0xc94 obj/kern/pmap.o
 .rodata        0x000000800420e22c       0x27 obj/kern/syscall.o
 *fill*         0x000000800420e253        0xd 
 .rodata        0x000000800420e260      0x385 obj/kern/kdebug.o
 *fill*         0x000000800420e5e5       0x1b 
 .rodata        0x000000800420e600      0x408 obj/kern/printfmt.o
 .rodata        0x000000800420ea08       0x13 obj/kern/readline.o
 *fill*         0x000000800420ea1b        0x5 
 .rodata        0x000000800420ea20      0x1ab obj/kern/libdwarf_rw.o
 *fill*         0x000000800420ebcb        0x5 
 .rodata        0x000000800420ebd0      0x1d8 obj/kern/libdwarf_frame.o
 .rodata        0x000000800420eda8       0xc3 obj/kern/libdwarf_lineno.o
 .rodata        0x000000800420ee6b       0xa4 obj/kern/elf_rw.o

.eh_frame       0x000000800420ef10     0x1138 load address 0x000000000020ef10
 .eh_frame      0x000000800420ef10       0x70 obj/kern/init.o
 .eh_frame      0x000000800420ef80      0x240 obj/kern/console.o
                                        0x258 (size before relaxing)
 .eh_frame      0x000000800420f1c0       0xa0 obj/kern/monitor.o
                                         0xb8 (size before relaxing)
 .eh_frame      0x000000800420f260      0x390 obj/kern/pmap.o
                                        0x3a8 (size before relaxing)
 .eh_frame      0x000000800420f5f0       0x40 obj/kern/kclock.o
                                         0x58 (size before relaxing)
 .eh_frame      0x000000800420f630       0x60 obj/kern/printf.o
                                         0x78 (size before relaxing)
 .eh_frame      0x000000800420f690       0x20 obj/kern/syscall.o
                                         0x38 (size before relaxing)
 .eh_frame      0x000000800420f6b0       0x40 obj/kern/kdebug.o
                                         0x58 (size before relaxing)
 .eh_frame      0x000000800420f6f0      0x110 obj/kern/printfmt.o
                                        0x128 (size before relaxing)
 .eh_frame      0x000000800420f800       0x20 obj/kern/readline.o
                                         0x38 (size before relaxing)
 .eh_frame      0x000000800420f820      0x220 obj/kern/string.o
                                        0x238 (size before relaxing)
 .eh_frame      0x000000800420fa40      0x300 obj/kern/libdwarf_rw.o
                                        0x318 (size before relaxing)
 .eh_frame      0x000000800420fd40      0x1c8 obj/kern/libdwarf_frame.o
                                        0x1e0 (size before relaxing)
 .eh_frame      0x000000800420ff08       0x80 obj/kern/libdwarf_lineno.o
                                         0x98 (size before relaxing)
 .eh_frame      0x000000800420ff88       0xc0 obj/kern/elf_rw.o
                                         0xd8 (size before relaxing)

.rela.dyn       0x0000008004210048        0x0 load address 0x0000000000210048
 .rela.got      0x0000008004210048        0x0 obj/kern/bootstrap.o
 .rela.iplt     0x0000008004210048        0x0 obj/kern/bootstrap.o
 .rela.text     0x0000008004210048        0x0 obj/kern/bootstrap.o
 .rela.data     0x0000008004210048        0x0 obj/kern/bootstrap.o
                0x0000008004211000                . = ALIGN (0x1000)

.data           0x0000008004211000    0x106a0 load address 0x0000000000211000
 *(EXCLUDE_FILE(obj/kern/bootstrap.o) .data)
 .data          0x0000008004211000    0x10042 obj/kern/entry.o
                0x0000008004211000                bootstack
                0x0000008004221000                kernel_64
                0x0000008004221000                bootstacktop
                0x0000008004221038                gdtdesc_64
 .data          0x0000008004221042        0x0 obj/kern/init.o
 *fill*         0x0000008004221042       0x1e 
 .data          0x0000008004221060      0x520 obj/kern/console.o
 .data          0x0000008004221580       0x30 obj/kern/monitor.o
 .data          0x00000080042215b0        0x0 obj/kern/pmap.o
 .data          0x00000080042215b0        0x0 obj/kern/kclock.o
 .data          0x00000080042215b0        0x0 obj/kern/printf.o
 .data          0x00000080042215b0        0x0 obj/kern/syscall.o
 .data          0x00000080042215b0       0x18 obj/kern/kdebug.o
                0x00000080042215b0                fde
                0x00000080042215b8                cie
                0x00000080042215c0                dbg
 .data          0x00000080042215c8        0x0 obj/kern/printfmt.o
 .data          0x00000080042215c8        0x0 obj/kern/readline.o
 .data          0x00000080042215c8        0x0 obj/kern/string.o
 .data          0x00000080042215c8        0x0 obj/kern/libdwarf_rw.o
 *fill*         0x00000080042215c8       0x18 
 .data          0x00000080042215e0       0x20 obj/kern/libdwarf_frame.o
                0x00000080042215e0                debug_frame_sec
 .data          0x0000008004221600        0x0 obj/kern/libdwarf_lineno.o
 .data          0x0000008004221600       0xa0 obj/kern/elf_rw.o
                0x0000008004221600                section_info
                0x00000080042216a0                PROVIDE (edata = .)

.got            0x00000080042216a0        0x0 load address 0x00000000002216a0
 .got           0x00000080042216a0        0x0 obj/kern/bootstrap.o

.got.plt        0x00000080042216a0        0x0 load address 0x00000000002216a0
 .got.plt       0x00000080042216a0        0x0 obj/kern/bootstrap.o

.igot.plt       0x00000080042216a0        0x0 load address 0x00000000002216a0
 .igot.plt      0x00000080042216a0        0x0 obj/kern/bootstrap.o

.bss            0x00000080042216a0     0x16e0 load address 0x00000000002216a0
 *(EXCLUDE_FILE(obj/kern/bootstrap.o) .bss)
 .bss           0x00000080042216a0        0x0 obj/kern/entry.o
 .bss           0x00000080042216a0        0x0 obj/kern/init.o
 .bss           0x00000080042216a0      0x22c obj/kern/console.o
 .bss           0x00000080042218cc        0x0 obj/kern/monitor.o
 *fill*         0x00000080042218cc        0x4 
 .bss           0x00000080042218d0       0x18 obj/kern/pmap.o
 .bss           0x00000080042218e8        0x0 obj/kern/kclock.o
 .bss           0x00000080042218e8        0x0 obj/kern/printf.o
 .bss           0x00000080042218e8        0x0 obj/kern/syscall.o
 .bss           0x00000080042218e8        0x8 obj/kern/kdebug.o
 .bss           0x00000080042218f0        0x0 obj/kern/printfmt.o
 *fill*         0x00000080042218f0       0x10 
 .bss           0x0000008004221900      0x400 obj/kern/readline.o
 .bss           0x0000008004221d00        0x0 obj/kern/string.o
 .bss           0x0000008004221d00        0x0 obj/kern/libdwarf_rw.o
 .bss           0x0000008004221d00       0x68 obj/kern/libdwarf_frame.o
                0x0000008004221d00                global_rt_table
                0x0000008004221d40                global_rt_table_shadow
 .bss           0x0000008004221d68        0x0 obj/kern/libdwarf_lineno.o
 .bss           0x0000008004221d68        0x0 obj/kern/elf_rw.o
 COMMON         0x0000008004221d68       0x10 obj/kern/init.o
                0x0000008004221d68                end_debug
                0x0000008004221d70                panicstr
 COMMON         0x0000008004221d78       0x20 obj/kern/pmap.o
                0x0000008004221d78                boot_cr3
                0x0000008004221d80                boot_pml4e
                0x0000008004221d88                npages
                0x0000008004221d90                pages
 *fill*         0x0000008004221d98        0x8 
 COMMON         0x0000008004221da0      0x160 obj/kern/kdebug.o
                0x0000008004221da0                mydebug
                0x0000008004221e00                _cie
                0x0000008004221e80                _fde
 COMMON         0x0000008004221f00      0xc70 obj/kern/libdwarf_frame.o
                0x0000008004221f00                global_rules_shadow
                0x0000008004222540                global_rules
 *fill*         0x0000008004222b70       0x10 
 COMMON         0x0000008004222b80      0x200 obj/kern/libdwarf_lineno.o
                0x0000008004222b80                global_std_op
                0x0000008004222d80                PROVIDE (end = .)

.debug
 *(.debug)

.line
 *(.line)

.debug_srcinfo
 *(.debug_srcinfo)

.debug_sfnames
 *(.debug_sfnames)

.debug_aranges  0x0000000000000000      0x330
 *(.debug_aranges)
 .debug_aranges
                0x0000000000000000       0x30 obj/kern/bootstrap.o
 .debug_aranges
                0x0000000000000030       0x30 obj/kern/entry.o
 .debug_aranges
                0x0000000000000060       0x30 obj/kern/init.o
 .debug_aranges
                0x0000000000000090       0x30 obj/kern/console.o
 .debug_aranges
                0x00000000000000c0       0x30 obj/kern/monitor.o
 .debug_aranges
                0x00000000000000f0       0x30 obj/kern/pmap.o
 .debug_aranges
                0x0000000000000120       0x30 obj/kern/kclock.o
 .debug_aranges
                0x0000000000000150       0x30 obj/kern/printf.o
 .debug_aranges
                0x0000000000000180       0x30 obj/kern/syscall.o
 .debug_aranges
                0x00000000000001b0       0x30 obj/kern/kdebug.o
 .debug_aranges
                0x00000000000001e0       0x30 obj/kern/printfmt.o
 .debug_aranges
                0x0000000000000210       0x30 obj/kern/readline.o
 .debug_aranges
                0x0000000000000240       0x30 obj/kern/string.o
 .debug_aranges
                0x0000000000000270       0x30 obj/kern/libdwarf_rw.o
 .debug_aranges
                0x00000000000002a0       0x30 obj/kern/libdwarf_frame.o
 .debug_aranges
                0x00000000000002d0       0x30 obj/kern/libdwarf_lineno.o
 .debug_aranges
                0x0000000000000300       0x30 obj/kern/elf_rw.o

.debug_pubnames
 *(.debug_pubnames)

.debug_info     0x0000000000000000     0xe5dd
 *(.debug_info .gnu.linkonce.wi.*)
 .debug_info    0x0000000000000000       0x2e obj/kern/bootstrap.o
 .debug_info    0x000000000000002e       0x2e obj/kern/entry.o
 .debug_info    0x000000000000005c      0x4b1 obj/kern/init.o
 .debug_info    0x000000000000050d      0xee8 obj/kern/console.o
 .debug_info    0x00000000000013f5      0x5f2 obj/kern/monitor.o
 .debug_info    0x00000000000019e7     0x40a7 obj/kern/pmap.o
 .debug_info    0x0000000000005a8e      0x1f3 obj/kern/kclock.o
 .debug_info    0x0000000000005c81      0x276 obj/kern/printf.o
 .debug_info    0x0000000000005ef7      0x19c obj/kern/syscall.o
 .debug_info    0x0000000000006093     0x154e obj/kern/kdebug.o
 .debug_info    0x00000000000075e1      0x9f5 obj/kern/printfmt.o
 .debug_info    0x0000000000007fd6      0x1cc obj/kern/readline.o
 .debug_info    0x00000000000081a2      0x766 obj/kern/string.o
 .debug_info    0x0000000000008908     0x1fdc obj/kern/libdwarf_rw.o
 .debug_info    0x000000000000a8e4     0x1cee obj/kern/libdwarf_frame.o
 .debug_info    0x000000000000c5d2     0x12a2 obj/kern/libdwarf_lineno.o
 .debug_info    0x000000000000d874      0xd69 obj/kern/elf_rw.o

.debug_abbrev   0x0000000000000000     0x1e34
 *(.debug_abbrev)
 .debug_abbrev  0x0000000000000000       0x14 obj/kern/bootstrap.o
 .debug_abbrev  0x0000000000000014       0x14 obj/kern/entry.o
 .debug_abbrev  0x0000000000000028      0x176 obj/kern/init.o
 .debug_abbrev  0x000000000000019e      0x2ee obj/kern/console.o
 .debug_abbrev  0x000000000000048c      0x1d2 obj/kern/monitor.o
 .debug_abbrev  0x000000000000065e      0x360 obj/kern/pmap.o
 .debug_abbrev  0x00000000000009be      0x102 obj/kern/kclock.o
 .debug_abbrev  0x0000000000000ac0      0x107 obj/kern/printf.o
 .debug_abbrev  0x0000000000000bc7       0xb4 obj/kern/syscall.o
 .debug_abbrev  0x0000000000000c7b      0x2e1 obj/kern/kdebug.o
 .debug_abbrev  0x0000000000000f5c      0x265 obj/kern/printfmt.o
 .debug_abbrev  0x00000000000011c1       0xe5 obj/kern/readline.o
 .debug_abbrev  0x00000000000012a6      0x17e obj/kern/string.o
 .debug_abbrev  0x0000000000001424      0x277 obj/kern/libdwarf_rw.o
 .debug_abbrev  0x000000000000169b      0x2d4 obj/kern/libdwarf_frame.o
 .debug_abbrev  0x000000000000196f      0x2a6 obj/kern/libdwarf_lineno.o
 .debug_abbrev  0x0000000000001c15      0x21f obj/kern/elf_rw.o

.debug_line     0x0000000000000000     0x25cc
 *(.debug_line)
 .debug_line    0x0000000000000000       0x99 obj/kern/bootstrap.o
 .debug_line    0x0000000000000099       0x51 obj/kern/entry.o
 .debug_line    0x00000000000000ea      0x108 obj/kern/init.o
 .debug_line    0x00000000000001f2      0x29f obj/kern/console.o
 .debug_line    0x0000000000000491       0xfc obj/kern/monitor.o
 .debug_line    0x000000000000058d      0xa7d obj/kern/pmap.o
 .debug_line    0x000000000000100a       0x86 obj/kern/kclock.o
 .debug_line    0x0000000000001090       0x87 obj/kern/printf.o
 .debug_line    0x0000000000001117       0x6a obj/kern/syscall.o
 .debug_line    0x0000000000001181      0x1d1 obj/kern/kdebug.o
 .debug_line    0x0000000000001352      0x1d1 obj/kern/printfmt.o
 .debug_line    0x0000000000001523       0x8f obj/kern/readline.o
 .debug_line    0x00000000000015b2      0x1ec obj/kern/string.o
 .debug_line    0x000000000000179e      0x48c obj/kern/libdwarf_rw.o
 .debug_line    0x0000000000001c2a      0x531 obj/kern/libdwarf_frame.o
 .debug_line    0x000000000000215b      0x22c obj/kern/libdwarf_lineno.o
 .debug_line    0x0000000000002387      0x245 obj/kern/elf_rw.o

.debug_frame
 *(.debug_frame)

.debug_str      0x0000000000000000     0x1dc3
 *(.debug_str)
 .debug_str     0x0000000000000000       0x3b obj/kern/bootstrap.o
 .debug_str     0x000000000000003b        0xd obj/kern/entry.o
                                         0x37 (size before relaxing)
 .debug_str     0x0000000000000048      0x239 obj/kern/init.o
                                        0x2bf (size before relaxing)
 .debug_str     0x0000000000000281      0x15e obj/kern/console.o
                                        0x2d9 (size before relaxing)
 .debug_str     0x00000000000003df       0x83 obj/kern/monitor.o
                                        0x212 (size before relaxing)
 .debug_str     0x0000000000000462      0x44f obj/kern/pmap.o
                                        0x690 (size before relaxing)
 .debug_str     0x00000000000008b1       0x23 obj/kern/kclock.o
                                        0x18c (size before relaxing)
 .debug_str     0x00000000000008d4       0x18 obj/kern/printf.o
                                        0x1ef (size before relaxing)
 .debug_str     0x00000000000008ec       0xa2 obj/kern/syscall.o
                                        0x210 (size before relaxing)
 .debug_str     0x000000000000098e      0xae7 obj/kern/kdebug.o
                                        0xd68 (size before relaxing)
 .debug_str     0x0000000000001475       0x97 obj/kern/printfmt.o
                                        0x31f (size before relaxing)
 .debug_str     0x000000000000150c       0x1e obj/kern/readline.o
                                        0x140 (size before relaxing)
 .debug_str     0x000000000000152a       0x6b obj/kern/string.o
                                        0x21a (size before relaxing)
 .debug_str     0x0000000000001595      0x278 obj/kern/libdwarf_rw.o
                                        0xc69 (size before relaxing)
 .debug_str     0x000000000000180d      0x27a obj/kern/libdwarf_frame.o
                                        0xbff (size before relaxing)
 .debug_str     0x0000000000001a87      0x1ae obj/kern/libdwarf_lineno.o
                                        0xc3c (size before relaxing)
 .debug_str     0x0000000000001c35      0x18e obj/kern/elf_rw.o
                                        0x4c2 (size before relaxing)

.debug_loc      0x0000000000000000    0x1131c
 *(.debug_loc)
 .debug_loc     0x0000000000000000      0x329 obj/kern/init.o
 .debug_loc     0x0000000000000329     0x14aa obj/kern/console.o
 .debug_loc     0x00000000000017d3      0x699 obj/kern/monitor.o
 .debug_loc     0x0000000000001e6c     0x31f3 obj/kern/pmap.o
 .debug_loc     0x000000000000505f      0x1dc obj/kern/kclock.o
 .debug_loc     0x000000000000523b      0x2be obj/kern/printf.o
 .debug_loc     0x00000000000054f9      0x196 obj/kern/syscall.o
 .debug_loc     0x000000000000568f      0xa4a obj/kern/kdebug.o
 .debug_loc     0x00000000000060d9      0xd15 obj/kern/printfmt.o
 .debug_loc     0x0000000000006dee      0x23b obj/kern/readline.o
 .debug_loc     0x0000000000007029     0x1996 obj/kern/string.o
 .debug_loc     0x00000000000089bf     0x341b obj/kern/libdwarf_rw.o
 .debug_loc     0x000000000000bdda     0x2da1 obj/kern/libdwarf_frame.o
 .debug_loc     0x000000000000eb7b     0x13e7 obj/kern/libdwarf_lineno.o
 .debug_loc     0x000000000000ff62     0x13ba obj/kern/elf_rw.o

.comment        0x0000000000000000       0x29
 .comment       0x0000000000000000       0x29 obj/kern/init.o
                                         0x2a (size before relaxing)
 .comment       0x0000000000000029       0x2a obj/kern/console.o
 .comment       0x0000000000000029       0x2a obj/kern/monitor.o
 .comment       0x0000000000000029       0x2a obj/kern/pmap.o
 .comment       0x0000000000000029       0x2a obj/kern/kclock.o
 .comment       0x0000000000000029       0x2a obj/kern/printf.o
 .comment       0x0000000000000029       0x2a obj/kern/syscall.o
 .comment       0x0000000000000029       0x2a obj/kern/kdebug.o
 .comment       0x0000000000000029       0x2a obj/kern/printfmt.o
 .comment       0x0000000000000029       0x2a obj/kern/readline.o
 .comment       0x0000000000000029       0x2a obj/kern/string.o
 .comment       0x0000000000000029       0x2a obj/kern/libdwarf_rw.o
 .comment       0x0000000000000029       0x2a obj/kern/libdwarf_frame.o
 .comment       0x0000000000000029       0x2a obj/kern/libdwarf_lineno.o
 .comment       0x0000000000000029       0x2a obj/kern/elf_rw.o

.debug_macinfo
 *(.debug_macinfo)

.debug_weaknames
 *(.debug_weaknames)

.debug_funcnames
 *(.debug_funcnames)

.debug_typenames
 *(.debug_typenames)

.debug_varnames
 *(.debug_varnames)

/DISCARD/
 *(.note.GNU-stack)
LOAD obj/kern/entry.o
LOAD obj/kern/bootstrap.o
LOAD obj/kern/init.o
LOAD obj/kern/console.o
LOAD obj/kern/monitor.o
LOAD obj/kern/pmap.o
LOAD obj/kern/kclock.o
LOAD obj/kern/printf.o
LOAD obj/kern/syscall.o
LOAD obj/kern/kdebug.o
LOAD obj/kern/printfmt.o
LOAD obj/kern/readline.o
LOAD obj/kern/string.o
LOAD obj/kern/libdwarf_rw.o
LOAD obj/kern/libdwarf_frame.o
LOAD obj/kern/libdwarf_lineno.o
LOAD obj/kern/elf_rw.o
LOAD /usr/lib/gcc/x86_64-linux-gnu/7/libgcc.a
TARGET(binary)
OUTPUT(obj/kern/kernel elf64-x86-64)

.debug_ranges   0x0000000000000000       0x30
 .debug_ranges  0x0000000000000000       0x30 obj/kern/string.o
